[www.campeonbet.com/index.html]
[backblue.gif]
[fade.gif]
[index.html]
[www.campeonbet.com/favicon.ico]
[www.campeonbet.com/css/main.min930c.css]
[www.campeonbet.com/css/fonts/{{env.lang}}.css]
[ajax.googleapis.com/ajax/libs/angularjs/1.5.0/angular.min.js]
[ajax.googleapis.com/ajax/libs/angularjs/1.5.0/angular-route.min.js]
[ajax.googleapis.com/ajax/libs/angularjs/1.5.0/angular-animate.min.js]
[www.campeonbet.com/skins/campeonbet.com/css/skin.min930c.css]
[ajax.googleapis.com/ajax/libs/angularjs/1.5.0/angular-cookies.min.js]
[ajax.googleapis.com/ajax/libs/swfobject/2.2/swfobject.js]
[www.campeonbet.com/index.html]
[www.campeonbet.com/favicon.html]
[www.campeonbet.com/css/main.min930c.css]
[www.campeonbet.com/images/flagse9f0.png]
[www.campeonbet.com/images/paymentsaca5.png]
[www.campeonbet.com/images/animation/ssoccer1d923.png]
[www.campeonbet.com/images/animation/gate_passive-ld923.png]
[www.campeonbet.com/images/animation/gate_passived923.png]
[www.campeonbet.com/images/animation/soccer-timelined923.png]
[www.campeonbet.com/images/animation/soccer-ball-bgd923.png]
[www.campeonbet.com/images/animation/tl-exchanged923.png]
[www.campeonbet.com/images/animation/s_balld923.png]
[www.campeonbet.com/images/animation/stats_tld923.png]
[www.campeonbet.com/images/animation/b_basketd923.png]
[www.campeonbet.com/images/animation/basketballd923.jpg]
[www.campeonbet.com/images/animation/basketd923.png]
[www.campeonbet.com/images/animation/valld923.png]
[www.campeonbet.com/images/animation/t-fieldd923.png]
[www.campeonbet.com/images/animation/t-field-redd923.png]
[www.campeonbet.com/images/animation/t-field-greend923.png]
[www.campeonbet.com/images/animation/classic/field-bg-patternd923.png]
[www.campeonbet.com/images/animation/classic/soccer-field-3dd923.png]
[www.campeonbet.com/images/animation/classic/gate-ld923.png]
[www.campeonbet.com/images/animation/classic/gate-rd923.png]
[www.campeonbet.com/images/animation/classic/tennis-field-3dd923.png]
[www.campeonbet.com/images/animation/classic/floor-bg-patternd923.png]
[www.campeonbet.com/images/animation/classic/basketball-field-3dd923.png]
[www.campeonbet.com/images/animation/classic/volleyball-field-3dd923.png]
[www.campeonbet.com/fonts/sport/icomoond923.eot]
[www.campeonbet.com/fonts/sport/icomoond923.ttf]
[www.campeonbet.com/fonts/sport/icomoond923.woff]
[www.campeonbet.com/fonts/sport/icomoond923.svg]
[www.campeonbet.com/images/mini-baner/footballd923.jpg]
[www.campeonbet.com/images/mini-baner/Tennisd923.jpg]
[www.campeonbet.com/images/mini-baner/Volleyballd923.jpg]
[www.campeonbet.com/images/mini-baner/Volley-balld923.jpg]
[www.campeonbet.com/images/mini-baner/Ice-hockeyd923.jpg]
[www.campeonbet.com/images/mini-baner/Boxingd923.jpg]
[www.campeonbet.com/images/mini-baner/Basketballd923.jpg]
[www.campeonbet.com/images/mini-baner/Baseballd923.jpg]
[www.campeonbet.com/images/mini-baner/Rugbyd923.jpg]
[www.campeonbet.com/images/mini-baner/golfd923.jpg]
[www.campeonbet.com/images/mini-baner/chessd923.jpg]
[www.campeonbet.com/images/mini-baner/Handballd923.jpg]
[www.campeonbet.com/images/mini-baner/Horse-Racingd923.jpg]
[www.campeonbet.com/images/backgrounds/error-ldd923.jpg]
[www.campeonbet.com/images/free-totalizatord923.png]
[www.campeonbet.com/skins/campeonbet.com/images/live_casino_bg.jpg]
[www.campeonbet.com/images/poker-page-new-tournamentsd923.jpg]
[www.campeonbet.com/images/promotabbgd923.png]
[www.campeonbet.com/images/windows-icon-jd923.png]
[www.campeonbet.com/images/mac-icon-jd923.png]
[www.campeonbet.com/images/linux-icon-jd923.png]
[www.campeonbet.com/images/android-icond923.png]
[www.campeonbet.com/app.min614b.js]
[www.campeonbet.com/fonts/icomoond923.ttf]
[www.campeonbet.com/fonts/icomoond923.eot]
[www.campeonbet.com/fonts/icomoond923.woff]
[www.campeonbet.com/fonts/icomoond923.svg]
[www.campeonbet.com/fonts/ucraftme-v1.eot]
[www.campeonbet.com/fonts/ucraftme-v1d41d.eot]
[www.campeonbet.com/fonts/ucraftme-v1.ttf]
[www.campeonbet.com/fonts/ucraftme-v1.svg]
[www.campeonbet.com/fonts/ucraftme-v1.woff]
[www.campeonbet.com/images/game-category/customd923.jpg]
[www.campeonbet.com/images/game-category/Football-bgd923.jpg]
[www.campeonbet.com/images/game-category/tennisd923.jpg]
[www.campeonbet.com/images/game-category/basketballd923.jpg]
[www.campeonbet.com/images/game-category/valleyballd923.jpg]
[www.campeonbet.com/images/game-category/tab_tennisd923.jpg]
[www.campeonbet.com/images/game-category/baceballd923.jpg]
[www.campeonbet.com/images/game-category/badmentond923.jpg]
[www.campeonbet.com/images/game-category/boxd923.jpg]
[www.campeonbet.com/images/game-category/cyclingd923.jpg]
[www.campeonbet.com/images/game-category/footsald923.jpg]
[www.campeonbet.com/images/game-category/ice_hockeyd923.jpg]
[www.campeonbet.com/images/game-category/horse_racingd923.jpg]
[www.campeonbet.com/images/game-category/snooker2d923.jpg]
[www.campeonbet.com/images/game-category/Cricketd923.jpg]
[www.campeonbet.com/images/game-category/rugbyd923.jpg]
[www.campeonbet.com/images/game-category/golfd923.jpg]
[www.campeonbet.com/images/game-category/handballd923.jpg]
[www.campeonbet.com/images/game-category/b_Volleyballd923.jpg]
[www.campeonbet.com/images/game-category/Wrestling1d923.jpg]
[www.campeonbet.com/images/game-category/amer_fballd923.jpg]
[www.campeonbet.com/images/game-category/dotad923.jpg]
[www.campeonbet.com/images/game-category/league-of-legendsd923.jpg]
[www.campeonbet.com/images/game-category/star-craftd923.jpg]
[www.campeonbet.com/images/game-category/counter-striked923.jpg]
[www.campeonbet.com/images/game-category/callofdutyd923.jpg]
[www.campeonbet.com/images/game-category/hearthstoned923.jpg]
[www.campeonbet.com/images/game-category/heroesofthestormd923.jpg]
[www.campeonbet.com/images/game-category/worldoftanksd923.jpg]
[www.campeonbet.com/images/game-category/overwatchd923.jpg]
[www.campeonbet.com/skins/campeonbet.com/images/animation/stats_tl-hoverd923.png]
[www.campeonbet.com/images/timeline/offsided923.png]
[www.campeonbet.com/images/timeline/substituted923.png]
[www.campeonbet.com/images/freebet-stard923.png]
[www.campeonbet.com/images/timeline/penaltyd923.png]
[www.campeonbet.com/images/timeline/angulard923.png]
[www.campeonbet.com/images/resizerd923.png]
[www.campeonbet.com/images/timeline/t-racketd923.png]
[www.campeonbet.com/skins/campeonbet.com/images/tournament-bgd923.png]
[www.campeonbet.com/skins/campeonbet.com/images/bet-list-bgd923.png]
[www.campeonbet.com/skins/campeonbet.com/images/no-image-winnersnd923.png]
[www.campeonbet.com/skins/campeonbet.com/images/logo3860.png]
[www.campeonbet.com/images/timeline/stats_tl.png]
[www.campeonbet.com/images/timeline/soccer-ball-bg.png]
[www.campeonbet.com/images/timeline/tl-exchange.png]
[www.campeonbet.com/skins/campeonbet.com/images/custom-footer-sprite.png]
[www.campeonbet.com/images/backgrounds/about-bg1d923.jpg]
[www.campeonbet.com/images/backgrounds/about-bg2d923.jpg]
[www.campeonbet.com/images/backgrounds/about-map-bg.jpg]
[www.campeonbet.com/images/backgrounds/pool-betting-bgd923.jpg]
[www.campeonbet.com/images/backgrounds/pool-betting-bgd923.png]
[www.campeonbet.com/images/backgrounds/results-headerd923.jpg]
[www.campeonbet.com/images/game-category-m/defauldd923.png]
[www.campeonbet.com/images/game-category-m/game-live-footballd923.png]
[www.campeonbet.com/images/game-category-m/tennisd923.png]
[www.campeonbet.com/images/game-category-m/volleyballd923.png]
[www.campeonbet.com/images/game-category-m/beach-vballd923.png]
[www.campeonbet.com/images/game-category-m/Golfd923.png]
[www.campeonbet.com/images/game-category-m/AlpineSkiingd923.png]
[www.campeonbet.com/images/game-category-m/Formula1d923.png]
[www.campeonbet.com/images/game-category-m/Baseball1d923.png]
[www.campeonbet.com/images/game-category-m/Snookerd923.png]
[www.campeonbet.com/images/game-category-m/HorseRacingd923.png]
[www.campeonbet.com/images/game-category-m/WaterPolod923.png]
[www.campeonbet.com/images/game-category-m/ice-hockeyd923.png]
[www.campeonbet.com/images/game-category-m/t-tennisd923.png]
[www.campeonbet.com/images/game-category-m/Basketballd923.png]
[www.campeonbet.com/images/game-category-m/badmintond923.png]
[www.campeonbet.com/images/game-category-m/handballd923.png]
[www.campeonbet.com/images/game-category-m/eurovisiond923.png]
[www.campeonbet.com/images/game-category-m/mmad923.png]
[www.campeonbet.com/images/game-category-m/soccer-bigd923.png]
[www.campeonbet.com/images/game-category-m/game-1d923.png]
[www.campeonbet.com/images/superbet-logod923.png]
[www.campeonbet.com/images/backgrounds/gl-poker-tl-bgd923.jpg]
[www.campeonbet.com/images/backgrounds/gl-backgammon-tl-bgd923.jpg]
[www.campeonbet.com/images/backgrounds/gl-belote-tl-bgd923.jpg]
[www.campeonbet.com/images/backgrounds/gl-chinese-poker-tl-bgd923.jpg]
[www.campeonbet.com/images/backgrounds/skill-games-cta-buttons-bgd923.jpg]
[www.campeonbet.com/images/backgrounds/pokerklasspubg.jpg]
[www.campeonbet.com/images/games-page/poker-1d923.jpg]
[www.campeonbet.com/images/games-page/chinesse-1d923.jpg]
[www.campeonbet.com/images/games-page/belote-1d923.jpg]
[www.campeonbet.com/images/games-page/deberc-1d923.jpg]
[www.campeonbet.com/images/games-page/nardi-1d923.jpg]
[www.campeonbet.com/images/games-page/ogwil-1d923.jpg]
[www.campeonbet.com/images/games-page/keno-1d923.jpg]
[www.campeonbet.com/images/games-page/checkersd923.jpg]
[www.campeonbet.com/images/games-page/russian-rouletted923.jpg]
[www.campeonbet.com/images/backgrounds/how-to-play-bgd923.jpg]
[www.campeonbet.com/images/backgrounds/how-to-play-mini-bgd923.jpg]
[www.campeonbet.com/images/backgrounds/bg-play-offd923.jpg]
[statistics.betconstruct.com/images/sh/0/1-252.png]
[www.campeonbet.com/skins/campeonbet.com/css/skin.min930c.css]
[www.campeonbet.com/css/fonts/{{env.lang}}.html]
[www.campeonbet.com/fonts/sport/icomoond923.svg]
[www.campeonbet.com/images/poker-page-new-tournamentsd923.html]
[www.campeonbet.com/images/promotabbgd923.html]
[www.campeonbet.com/images/windows-icon-jd923.html]
[www.campeonbet.com/images/mac-icon-jd923.html]
[www.campeonbet.com/images/linux-icon-jd923.html]
[www.campeonbet.com/images/android-icond923.html]
[www.campeonbet.com/fonts/icomoond923.svg]
[www.campeonbet.com/fonts/ucraftme-v1.svg]
[www.campeonbet.com/skins/campeonbet.com/images/animation/stats_tl-hoverd923.html]
[www.campeonbet.com/skins/campeonbet.com/images/tournament-bgd923.html]
[www.campeonbet.com/skins/campeonbet.com/images/bet-list-bgd923.html]
[www.campeonbet.com/skins/campeonbet.com/images/no-image-winnersnd923.html]
[www.campeonbet.com/skins/campeonbet.com/images/logo3860.html]
[www.campeonbet.com/images/backgrounds/bg-play-offd923.html]
